// Jest Snapshot v1, https://goo.gl/fbAQLP

exports[`Base VueRay class: sends a refs innerHTML 1`] = `
[
  {
    "meta": [],
    "payloads": [
      {
        "content": {
          "label": "Data",
          "values": [
            "<code style="font-size: 0.8rem!important;"><span style="font-size: 0.8rem!important;" class="text-yellow-600 bold">Object</span>&nbsp;<code style="font-size: 0.8rem!important;" class="text-gray-600 "><span style="font-size: 0.8rem!important;" class="text-orange-400 bold">{</span><br>&nbsp;&nbsp;&nbsp;&nbsp;1<code style="font-size: 0.8rem!important;" class="bold text-green-600 p-0">"one"</code><span style="font-size: 0.8rem!important;" class="text-orange-400 bold">:&nbsp;</span>1<span style="font-size: 0.8rem!important;" class="text-orange-400 bold">,</span><br><span style="font-size: 0.8rem!important;" class="text-orange-400 bold">}</span></code></code>",
          ],
        },
        "origin": {
          "file": "web.cjs.js",
          "function_name": "xxxx",
          "hostname": "remote",
          "line_number": 999,
        },
        "type": "table",
      },
    ],
    "uuid": "fakeUuid",
  },
  {
    "meta": [],
    "payloads": [
      {
        "content": {
          "content": "<em>123</em>",
          "label": "HTML",
        },
        "origin": {
          "file": "web.cjs.js",
          "function_name": "xxxx",
          "hostname": "remote",
          "line_number": 999,
        },
        "type": "custom",
      },
    ],
    "uuid": "fakeUuid",
  },
]
`;

exports[`Base VueRay class: sends the component data 1`] = `
[
  {
    "meta": [],
    "payloads": [
      {
        "content": {
          "label": "Data",
          "values": [
            "<code style="font-size: 0.8rem!important;"><span style="font-size: 0.8rem!important;" class="text-yellow-600 bold">Object</span>&nbsp;<code style="font-size: 0.8rem!important;" class="text-gray-600 "><span style="font-size: 0.8rem!important;" class="text-orange-400 bold">{</span><br>&nbsp;&nbsp;&nbsp;&nbsp;1<code style="font-size: 0.8rem!important;" class="bold text-green-600 p-0">"one"</code><span style="font-size: 0.8rem!important;" class="text-orange-400 bold">:&nbsp;</span>1<span style="font-size: 0.8rem!important;" class="text-orange-400 bold">,</span><br><span style="font-size: 0.8rem!important;" class="text-orange-400 bold">}</span></code></code>",
          ],
        },
        "origin": {
          "file": "web.cjs.js",
          "function_name": "xxxx",
          "hostname": "remote",
          "line_number": 999,
        },
        "type": "table",
      },
    ],
    "uuid": "fakeUuid",
  },
  {
    "meta": [],
    "payloads": [
      {
        "content": {
          "label": "Data",
          "values": [
            "<code style="font-size: 0.8rem!important;"><span style="font-size: 0.8rem!important;" class="text-yellow-600 bold">Object</span>&nbsp;<code style="font-size: 0.8rem!important;" class="text-gray-600 "><span style="font-size: 0.8rem!important;" class="text-orange-400 bold">{</span><br>&nbsp;&nbsp;&nbsp;&nbsp;1<code style="font-size: 0.8rem!important;" class="bold text-green-600 p-0">"one"</code><span style="font-size: 0.8rem!important;" class="text-orange-400 bold">:&nbsp;</span>1<span style="font-size: 0.8rem!important;" class="text-orange-400 bold">,</span><br><span style="font-size: 0.8rem!important;" class="text-orange-400 bold">}</span></code></code>",
          ],
        },
        "origin": {
          "file": "web.cjs.js",
          "function_name": "xxxx",
          "hostname": "remote",
          "line_number": 999,
        },
        "type": "table",
      },
    ],
    "uuid": "fakeUuid",
  },
]
`;

exports[`Base VueRay class: sends the component props 1`] = `
[
  {
    "meta": [],
    "payloads": [
      {
        "content": {
          "label": "Data",
          "values": [
            "<code style="font-size: 0.8rem!important;"><span style="font-size: 0.8rem!important;" class="text-yellow-600 bold">Object</span>&nbsp;<code style="font-size: 0.8rem!important;" class="text-gray-600 "><span style="font-size: 0.8rem!important;" class="text-orange-400 bold">{</span><br>&nbsp;&nbsp;&nbsp;&nbsp;1<code style="font-size: 0.8rem!important;" class="bold text-green-600 p-0">"one"</code><span style="font-size: 0.8rem!important;" class="text-orange-400 bold">:&nbsp;</span>1<span style="font-size: 0.8rem!important;" class="text-orange-400 bold">,</span><br><span style="font-size: 0.8rem!important;" class="text-orange-400 bold">}</span></code></code>",
          ],
        },
        "origin": {
          "file": "web.cjs.js",
          "function_name": "xxxx",
          "hostname": "remote",
          "line_number": 999,
        },
        "type": "table",
      },
    ],
    "uuid": "fakeUuid",
  },
  {
    "meta": [],
    "payloads": [
      {
        "content": {
          "label": "Table",
          "values": [
            "<code style="font-size: 0.8rem!important;"><span style="font-size: 0.8rem!important;" class="text-yellow-600 bold">Object</span>&nbsp;<code style="font-size: 0.8rem!important;" class="text-gray-600 "><span style="font-size: 0.8rem!important;" class="text-orange-400 bold">{</span><br>&nbsp;&nbsp;&nbsp;&nbsp;1<code style="font-size: 0.8rem!important;" class="bold text-green-600 p-0">"title"</code><span style="font-size: 0.8rem!important;" class="text-orange-400 bold">:&nbsp;</span><code style="font-size: 0.8rem!important;" class="bold text-green-600 p-0">"abc"</code><span style="font-size: 0.8rem!important;" class="text-orange-400 bold">,</span><br><span style="font-size: 0.8rem!important;" class="text-orange-400 bold">}</span></code></code>",
          ],
        },
        "origin": {
          "file": "web.cjs.js",
          "function_name": "xxxx",
          "hostname": "remote",
          "line_number": 999,
        },
        "type": "table",
      },
    ],
    "uuid": "fakeUuid",
  },
]
`;

exports[`Base VueRay class: stops tracking data variables 1`] = `
[
  {
    "meta": [],
    "payloads": [
      {
        "content": {
          "label": "Data",
          "values": [
            "<code style="font-size: 0.8rem!important;"><span style="font-size: 0.8rem!important;" class="text-yellow-600 bold">Object</span>&nbsp;<code style="font-size: 0.8rem!important;" class="text-gray-600 "><span style="font-size: 0.8rem!important;" class="text-orange-400 bold">{</span><br>&nbsp;&nbsp;&nbsp;&nbsp;1<code style="font-size: 0.8rem!important;" class="bold text-green-600 p-0">"one"</code><span style="font-size: 0.8rem!important;" class="text-orange-400 bold">:&nbsp;</span>1<span style="font-size: 0.8rem!important;" class="text-orange-400 bold">,</span><br><span style="font-size: 0.8rem!important;" class="text-orange-400 bold">}</span></code></code>",
          ],
        },
        "origin": {
          "file": "web.cjs.js",
          "function_name": "xxxx",
          "hostname": "remote",
          "line_number": 999,
        },
        "type": "table",
      },
    ],
    "uuid": "fakeUuid",
  },
  {
    "meta": [],
    "payloads": [
      {
        "content": {
          "values": [
            "test",
          ],
        },
        "origin": {
          "file": "web.cjs.js",
          "function_name": "xxxx",
          "hostname": "remote",
          "line_number": 999,
        },
        "type": "log",
      },
    ],
    "uuid": "fakeUuid",
  },
  {
    "meta": [],
    "payloads": [
      {
        "content": {
          "content": "<code style="font-size: 0.8rem!important;"><span style="font-size: 0.8rem!important;" class="text-yellow-600 bold">Object</span>&nbsp;<code style="font-size: 0.8rem!important;" class="text-gray-600 "><span style="font-size: 0.8rem!important;" class="text-orange-400 bold">{</span><br>&nbsp;&nbsp;&nbsp;&nbsp;1<code style="font-size: 0.8rem!important;" class="bold text-green-600 p-0">"info"</code><span style="font-size: 0.8rem!important;" class="text-orange-400 bold">:&nbsp;</span><span style="font-size: 0.8rem!important;" class="text-yellow-600 bold">Object</span>&nbsp;<span style="font-size: 0.8rem!important;" class="text-orange-400 bold">{</span><br>&nbsp;&nbsp;&nbsp;&nbsp;1&nbsp;&nbsp;&nbsp;&nbsp;1<code style="font-size: 0.8rem!important;" class="bold text-green-600 p-0">"tracking"</code><span style="font-size: 0.8rem!important;" class="text-orange-400 bold">:&nbsp;</span><span style="font-size: 0.8rem!important;" class="text-indigo-600 bold">false</span><span style="font-size: 0.8rem!important;" class="text-orange-400 bold">,</span><br>&nbsp;&nbsp;&nbsp;&nbsp;1&nbsp;&nbsp;&nbsp;&nbsp;1<code style="font-size: 0.8rem!important;" class="bold text-green-600 p-0">"variable"</code><span style="font-size: 0.8rem!important;" class="text-orange-400 bold">:&nbsp;</span><code style="font-size: 0.8rem!important;" class="bold text-green-600 p-0">"test"</code><span style="font-size: 0.8rem!important;" class="text-orange-400 bold">,</span><br>&nbsp;&nbsp;&nbsp;&nbsp;1<span style="font-size: 0.8rem!important;" class="text-orange-400 bold">}</span><span style="font-size: 0.8rem!important;" class="text-orange-400 bold">,</span><br>&nbsp;&nbsp;&nbsp;&nbsp;1<code style="font-size: 0.8rem!important;" class="bold text-green-600 p-0">"trackedData"</code><span style="font-size: 0.8rem!important;" class="text-orange-400 bold">:&nbsp;</span><span style="font-size: 0.8rem!important;" class="text-yellow-600 bold">Object</span>&nbsp;<span style="font-size: 0.8rem!important;" class="text-orange-400 bold">{</span><br>&nbsp;&nbsp;&nbsp;&nbsp;1&nbsp;&nbsp;&nbsp;&nbsp;1<code style="font-size: 0.8rem!important;" class="bold text-green-600 p-0">"value"</code><span style="font-size: 0.8rem!important;" class="text-orange-400 bold">:&nbsp;</span>undefined<span style="font-size: 0.8rem!important;" class="text-orange-400 bold">,</span><br>&nbsp;&nbsp;&nbsp;&nbsp;1<span style="font-size: 0.8rem!important;" class="text-orange-400 bold">}</span><span style="font-size: 0.8rem!important;" class="text-orange-400 bold">,</span><br><span style="font-size: 0.8rem!important;" class="text-orange-400 bold">}</span></code></code>",
          "label": "HTML",
        },
        "origin": {
          "file": "web.cjs.js",
          "function_name": "xxxx",
          "hostname": "remote",
          "line_number": 999,
        },
        "type": "custom",
      },
    ],
    "uuid": "fakeUuid",
  },
]
`;

exports[`Base VueRay class: tracks data variables 1`] = `
[
  {
    "meta": [],
    "payloads": [
      {
        "content": {
          "label": "Data",
          "values": [
            "<code style="font-size: 0.8rem!important;"><span style="font-size: 0.8rem!important;" class="text-yellow-600 bold">Object</span>&nbsp;<code style="font-size: 0.8rem!important;" class="text-gray-600 "><span style="font-size: 0.8rem!important;" class="text-orange-400 bold">{</span><br>&nbsp;&nbsp;&nbsp;&nbsp;1<code style="font-size: 0.8rem!important;" class="bold text-green-600 p-0">"one"</code><span style="font-size: 0.8rem!important;" class="text-orange-400 bold">:&nbsp;</span>1<span style="font-size: 0.8rem!important;" class="text-orange-400 bold">,</span><br><span style="font-size: 0.8rem!important;" class="text-orange-400 bold">}</span></code></code>",
          ],
        },
        "origin": {
          "file": "web.cjs.js",
          "function_name": "xxxx",
          "hostname": "remote",
          "line_number": 999,
        },
        "type": "table",
      },
    ],
    "uuid": "fakeUuid",
  },
  {
    "meta": [],
    "payloads": [
      {
        "content": {
          "values": [
            "test",
          ],
        },
        "origin": {
          "file": "web.cjs.js",
          "function_name": "xxxx",
          "hostname": "remote",
          "line_number": 999,
        },
        "type": "log",
      },
    ],
    "uuid": "fakeUuid",
  },
  {
    "meta": [],
    "payloads": [
      {
        "content": {
          "content": "<code style="font-size: 0.8rem!important;"><span style="font-size: 0.8rem!important;" class="text-yellow-600 bold">Object</span>&nbsp;<code style="font-size: 0.8rem!important;" class="text-gray-600 "><span style="font-size: 0.8rem!important;" class="text-orange-400 bold">{</span><br>&nbsp;&nbsp;&nbsp;&nbsp;1<code style="font-size: 0.8rem!important;" class="bold text-green-600 p-0">"info"</code><span style="font-size: 0.8rem!important;" class="text-orange-400 bold">:&nbsp;</span><span style="font-size: 0.8rem!important;" class="text-yellow-600 bold">Object</span>&nbsp;<span style="font-size: 0.8rem!important;" class="text-orange-400 bold">{</span><br>&nbsp;&nbsp;&nbsp;&nbsp;1&nbsp;&nbsp;&nbsp;&nbsp;1<code style="font-size: 0.8rem!important;" class="bold text-green-600 p-0">"tracking"</code><span style="font-size: 0.8rem!important;" class="text-orange-400 bold">:&nbsp;</span><span style="font-size: 0.8rem!important;" class="text-indigo-600 bold">true</span><span style="font-size: 0.8rem!important;" class="text-orange-400 bold">,</span><br>&nbsp;&nbsp;&nbsp;&nbsp;1&nbsp;&nbsp;&nbsp;&nbsp;1<code style="font-size: 0.8rem!important;" class="bold text-green-600 p-0">"variable"</code><span style="font-size: 0.8rem!important;" class="text-orange-400 bold">:&nbsp;</span><code style="font-size: 0.8rem!important;" class="bold text-green-600 p-0">"test"</code><span style="font-size: 0.8rem!important;" class="text-orange-400 bold">,</span><br>&nbsp;&nbsp;&nbsp;&nbsp;1<span style="font-size: 0.8rem!important;" class="text-orange-400 bold">}</span><span style="font-size: 0.8rem!important;" class="text-orange-400 bold">,</span><br>&nbsp;&nbsp;&nbsp;&nbsp;1<code style="font-size: 0.8rem!important;" class="bold text-green-600 p-0">"trackingData"</code><span style="font-size: 0.8rem!important;" class="text-orange-400 bold">:&nbsp;</span><span style="font-size: 0.8rem!important;" class="text-yellow-600 bold">Object</span>&nbsp;<span style="font-size: 0.8rem!important;" class="text-orange-400 bold">{</span><br>&nbsp;&nbsp;&nbsp;&nbsp;1&nbsp;&nbsp;&nbsp;&nbsp;1<code style="font-size: 0.8rem!important;" class="bold text-green-600 p-0">"previous"</code><span style="font-size: 0.8rem!important;" class="text-orange-400 bold">:&nbsp;</span>undefined<span style="font-size: 0.8rem!important;" class="text-orange-400 bold">,</span><br>&nbsp;&nbsp;&nbsp;&nbsp;1&nbsp;&nbsp;&nbsp;&nbsp;1<code style="font-size: 0.8rem!important;" class="bold text-green-600 p-0">"value"</code><span style="font-size: 0.8rem!important;" class="text-orange-400 bold">:&nbsp;</span>undefined<span style="font-size: 0.8rem!important;" class="text-orange-400 bold">,</span><br>&nbsp;&nbsp;&nbsp;&nbsp;1<span style="font-size: 0.8rem!important;" class="text-orange-400 bold">}</span><span style="font-size: 0.8rem!important;" class="text-orange-400 bold">,</span><br><span style="font-size: 0.8rem!important;" class="text-orange-400 bold">}</span></code></code>",
          "label": "HTML",
        },
        "origin": {
          "file": "web.cjs.js",
          "function_name": "xxxx",
          "hostname": "remote",
          "line_number": 999,
        },
        "type": "custom",
      },
    ],
    "uuid": "fakeUuid",
  },
]
`;
