// Jest Snapshot v1, https://goo.gl/fbAQLP

exports[`Vue 2 Ray Mixin: it conditionally displays the beforeCreate event 1`] = `
[
  {
    "content": [
      "component before-create: <code>test</code>",
      "filename: <code>&lt;project root&gt;/test.js</code>",
    ],
    "label": undefined,
    "name": "table",
  },
]
`;

exports[`Vue 2 Ray Mixin: it conditionally displays the beforeMount event 1`] = `
[
  {
    "content": [
      "component before-mount: <code>test</code>",
      "filename: <code>&lt;project root&gt;/test.js</code>",
    ],
    "label": undefined,
    "name": "table",
  },
]
`;

exports[`Vue 2 Ray Mixin: it conditionally displays the created & mounted events 1`] = `
[
  {
    "content": [
      "component created: <code>test</code>",
      "filename: <code>&lt;project root&gt;/test.js</code>",
    ],
    "label": undefined,
    "name": "table",
  },
  {
    "content": [
      "component mounted: <code>test</code>",
      "filename: <code>&lt;project root&gt;/test.js</code>",
    ],
    "label": undefined,
    "name": "table",
  },
]
`;

exports[`Vue 2 Ray Mixin: it conditionally displays the unmounted event 1`] = `
[
  {
    "content": [
      "component unmounted: <code>test</code>",
      "filename: <code>&lt;project root&gt;/test.js</code>",
    ],
    "label": undefined,
    "name": "table",
  },
]
`;

exports[`Vue 2 Ray Mixin: it conditionally displays the updated event 1`] = `
[
  {
    "content": [
      "component updated: <code>test</code>",
      "filename: <code>&lt;project root&gt;/test.js</code>",
    ],
    "label": undefined,
    "name": "table",
  },
]
`;
