// Vitest Snapshot v1, https://vitest.dev/guide/snapshot.html

exports[`Base VueRay class: > sends a refs innerHTML 1`] = `
[
  {
    "meta": [],
    "payloads": [
      {
        "content": {
          "label": "Data",
          "values": [
            "<code style="font-size: 0.8rem!important;" class=""><span style="font-size: 0.8rem!important;" class="bold text-yellow-600">Object</span>&nbsp;<code style="font-size: 0.8rem!important;" class="text-gray-600"><span style="font-size: 0.8rem!important;" class="bold text-orange-400">{</span><br>&nbsp;&nbsp;&nbsp;&nbsp;1<code style="font-size: 0.8rem!important;" class="bold text-green-600 p-0">"one"</code><span style="font-size: 0.8rem!important;" class="bold text-orange-400">:&nbsp;</span>1<span style="font-size: 0.8rem!important;" class="bold text-orange-400">,</span><br><span style="font-size: 0.8rem!important;" class="bold text-orange-400">}</span></code></code>",
          ],
        },
        "origin": {
          "file": "web.cjs.js",
          "function_name": "xxxx",
          "hostname": "remote",
          "line_number": 999,
        },
        "type": "table",
      },
    ],
    "uuid": "fakeUuid",
  },
  {
    "meta": [],
    "payloads": [
      {
        "content": {
          "content": "<em>123</em>",
          "label": "HTML",
        },
        "origin": {
          "file": "web.cjs.js",
          "function_name": "xxxx",
          "hostname": "remote",
          "line_number": 999,
        },
        "type": "custom",
      },
    ],
    "uuid": "fakeUuid",
  },
]
`;

exports[`Base VueRay class: > sends the component data 1`] = `
[
  {
    "meta": [],
    "payloads": [
      {
        "content": {
          "label": "Data",
          "values": [
            "<code style="font-size: 0.8rem!important;" class=""><span style="font-size: 0.8rem!important;" class="bold text-yellow-600">Object</span>&nbsp;<code style="font-size: 0.8rem!important;" class="text-gray-600"><span style="font-size: 0.8rem!important;" class="bold text-orange-400">{</span><br>&nbsp;&nbsp;&nbsp;&nbsp;1<code style="font-size: 0.8rem!important;" class="bold text-green-600 p-0">"one"</code><span style="font-size: 0.8rem!important;" class="bold text-orange-400">:&nbsp;</span>1<span style="font-size: 0.8rem!important;" class="bold text-orange-400">,</span><br><span style="font-size: 0.8rem!important;" class="bold text-orange-400">}</span></code></code>",
          ],
        },
        "origin": {
          "file": "web.cjs.js",
          "function_name": "xxxx",
          "hostname": "remote",
          "line_number": 999,
        },
        "type": "table",
      },
    ],
    "uuid": "fakeUuid",
  },
  {
    "meta": [],
    "payloads": [
      {
        "content": {
          "label": "Data",
          "values": [
            "<code style="font-size: 0.8rem!important;" class=""><span style="font-size: 0.8rem!important;" class="bold text-yellow-600">Object</span>&nbsp;<code style="font-size: 0.8rem!important;" class="text-gray-600"><span style="font-size: 0.8rem!important;" class="bold text-orange-400">{</span><br>&nbsp;&nbsp;&nbsp;&nbsp;1<code style="font-size: 0.8rem!important;" class="bold text-green-600 p-0">"one"</code><span style="font-size: 0.8rem!important;" class="bold text-orange-400">:&nbsp;</span>1<span style="font-size: 0.8rem!important;" class="bold text-orange-400">,</span><br><span style="font-size: 0.8rem!important;" class="bold text-orange-400">}</span></code></code>",
          ],
        },
        "origin": {
          "file": "web.cjs.js",
          "function_name": "xxxx",
          "hostname": "remote",
          "line_number": 999,
        },
        "type": "table",
      },
    ],
    "uuid": "fakeUuid",
  },
]
`;

exports[`Base VueRay class: > sends the component props 1`] = `
[
  {
    "meta": [],
    "payloads": [
      {
        "content": {
          "label": "Data",
          "values": [
            "<code style="font-size: 0.8rem!important;" class=""><span style="font-size: 0.8rem!important;" class="bold text-yellow-600">Object</span>&nbsp;<code style="font-size: 0.8rem!important;" class="text-gray-600"><span style="font-size: 0.8rem!important;" class="bold text-orange-400">{</span><br>&nbsp;&nbsp;&nbsp;&nbsp;1<code style="font-size: 0.8rem!important;" class="bold text-green-600 p-0">"one"</code><span style="font-size: 0.8rem!important;" class="bold text-orange-400">:&nbsp;</span>1<span style="font-size: 0.8rem!important;" class="bold text-orange-400">,</span><br><span style="font-size: 0.8rem!important;" class="bold text-orange-400">}</span></code></code>",
          ],
        },
        "origin": {
          "file": "web.cjs.js",
          "function_name": "xxxx",
          "hostname": "remote",
          "line_number": 999,
        },
        "type": "table",
      },
    ],
    "uuid": "fakeUuid",
  },
  {
    "meta": [],
    "payloads": [
      {
        "content": {
          "label": "Table",
          "values": [
            "<code style="font-size: 0.8rem!important;" class=""><span style="font-size: 0.8rem!important;" class="bold text-yellow-600">Object</span>&nbsp;<code style="font-size: 0.8rem!important;" class="text-gray-600"><span style="font-size: 0.8rem!important;" class="bold text-orange-400">{</span><br>&nbsp;&nbsp;&nbsp;&nbsp;1<code style="font-size: 0.8rem!important;" class="bold text-green-600 p-0">"title"</code><span style="font-size: 0.8rem!important;" class="bold text-orange-400">:&nbsp;</span><code style="font-size: 0.8rem!important;" class="bold text-green-600 p-0">"abc"</code><span style="font-size: 0.8rem!important;" class="bold text-orange-400">,</span><br><span style="font-size: 0.8rem!important;" class="bold text-orange-400">}</span></code></code>",
          ],
        },
        "origin": {
          "file": "web.cjs.js",
          "function_name": "xxxx",
          "hostname": "remote",
          "line_number": 999,
        },
        "type": "table",
      },
    ],
    "uuid": "fakeUuid",
  },
]
`;

exports[`Base VueRay class: > stops tracking data variables 1`] = `
[
  {
    "meta": [],
    "payloads": [
      {
        "content": {
          "label": "Data",
          "values": [
            "<code style="font-size: 0.8rem!important;" class=""><span style="font-size: 0.8rem!important;" class="bold text-yellow-600">Object</span>&nbsp;<code style="font-size: 0.8rem!important;" class="text-gray-600"><span style="font-size: 0.8rem!important;" class="bold text-orange-400">{</span><br>&nbsp;&nbsp;&nbsp;&nbsp;1<code style="font-size: 0.8rem!important;" class="bold text-green-600 p-0">"one"</code><span style="font-size: 0.8rem!important;" class="bold text-orange-400">:&nbsp;</span>1<span style="font-size: 0.8rem!important;" class="bold text-orange-400">,</span><br><span style="font-size: 0.8rem!important;" class="bold text-orange-400">}</span></code></code>",
          ],
        },
        "origin": {
          "file": "web.cjs.js",
          "function_name": "xxxx",
          "hostname": "remote",
          "line_number": 999,
        },
        "type": "table",
      },
    ],
    "uuid": "fakeUuid",
  },
  {
    "meta": [],
    "payloads": [
      {
        "content": {
          "values": [
            "test",
          ],
        },
        "origin": {
          "file": "web.cjs.js",
          "function_name": "xxxx",
          "hostname": "remote",
          "line_number": 999,
        },
        "type": "log",
      },
    ],
    "uuid": "fakeUuid",
  },
  {
    "meta": [],
    "payloads": [
      {
        "content": {
          "content": "<code style="font-size: 0.8rem!important;" class=""><span style="font-size: 0.8rem!important;" class="bold text-yellow-600">Object</span>&nbsp;<code style="font-size: 0.8rem!important;" class="text-gray-600"><span style="font-size: 0.8rem!important;" class="bold text-orange-400">{</span><br>&nbsp;&nbsp;&nbsp;&nbsp;1<code style="font-size: 0.8rem!important;" class="bold text-green-600 p-0">"info"</code><span style="font-size: 0.8rem!important;" class="bold text-orange-400">:&nbsp;</span><span style="font-size: 0.8rem!important;" class="bold text-yellow-600">Object</span>&nbsp;<span style="font-size: 0.8rem!important;" class="bold text-orange-400">{</span><br>&nbsp;&nbsp;&nbsp;&nbsp;1&nbsp;&nbsp;&nbsp;&nbsp;1<code style="font-size: 0.8rem!important;" class="bold text-green-600 p-0">"tracking"</code><span style="font-size: 0.8rem!important;" class="bold text-orange-400">:&nbsp;</span><span style="font-size: 0.8rem!important;" class="bold text-indigo-600">false</span><span style="font-size: 0.8rem!important;" class="bold text-orange-400">,</span><br>&nbsp;&nbsp;&nbsp;&nbsp;1&nbsp;&nbsp;&nbsp;&nbsp;1<code style="font-size: 0.8rem!important;" class="bold text-green-600 p-0">"variable"</code><span style="font-size: 0.8rem!important;" class="bold text-orange-400">:&nbsp;</span><code style="font-size: 0.8rem!important;" class="bold text-green-600 p-0">"test"</code><span style="font-size: 0.8rem!important;" class="bold text-orange-400">,</span><br>&nbsp;&nbsp;&nbsp;&nbsp;1<span style="font-size: 0.8rem!important;" class="bold text-orange-400">}</span><span style="font-size: 0.8rem!important;" class="bold text-orange-400">,</span><br>&nbsp;&nbsp;&nbsp;&nbsp;1<code style="font-size: 0.8rem!important;" class="bold text-green-600 p-0">"trackedData"</code><span style="font-size: 0.8rem!important;" class="bold text-orange-400">:&nbsp;</span><span style="font-size: 0.8rem!important;" class="bold text-yellow-600">Object</span>&nbsp;<span style="font-size: 0.8rem!important;" class="bold text-orange-400">{</span><br>&nbsp;&nbsp;&nbsp;&nbsp;1&nbsp;&nbsp;&nbsp;&nbsp;1<code style="font-size: 0.8rem!important;" class="bold text-green-600 p-0">"value"</code><span style="font-size: 0.8rem!important;" class="bold text-orange-400">:&nbsp;</span><span style="font-size: 0.8rem!important;" class="bold text-indigo-600">undefined</span><span style="font-size: 0.8rem!important;" class="bold text-orange-400">,</span><br>&nbsp;&nbsp;&nbsp;&nbsp;1<span style="font-size: 0.8rem!important;" class="bold text-orange-400">}</span><span style="font-size: 0.8rem!important;" class="bold text-orange-400">,</span><br><span style="font-size: 0.8rem!important;" class="bold text-orange-400">}</span></code></code>",
          "label": "HTML",
        },
        "origin": {
          "file": "web.cjs.js",
          "function_name": "xxxx",
          "hostname": "remote",
          "line_number": 999,
        },
        "type": "custom",
      },
    ],
    "uuid": "fakeUuid",
  },
]
`;

exports[`Base VueRay class: > tracks data variables 1`] = `
[
  {
    "meta": [],
    "payloads": [
      {
        "content": {
          "label": "Data",
          "values": [
            "<code style="font-size: 0.8rem!important;" class=""><span style="font-size: 0.8rem!important;" class="bold text-yellow-600">Object</span>&nbsp;<code style="font-size: 0.8rem!important;" class="text-gray-600"><span style="font-size: 0.8rem!important;" class="bold text-orange-400">{</span><br>&nbsp;&nbsp;&nbsp;&nbsp;1<code style="font-size: 0.8rem!important;" class="bold text-green-600 p-0">"one"</code><span style="font-size: 0.8rem!important;" class="bold text-orange-400">:&nbsp;</span>1<span style="font-size: 0.8rem!important;" class="bold text-orange-400">,</span><br><span style="font-size: 0.8rem!important;" class="bold text-orange-400">}</span></code></code>",
          ],
        },
        "origin": {
          "file": "web.cjs.js",
          "function_name": "xxxx",
          "hostname": "remote",
          "line_number": 999,
        },
        "type": "table",
      },
    ],
    "uuid": "fakeUuid",
  },
  {
    "meta": [],
    "payloads": [
      {
        "content": {
          "values": [
            "test",
          ],
        },
        "origin": {
          "file": "web.cjs.js",
          "function_name": "xxxx",
          "hostname": "remote",
          "line_number": 999,
        },
        "type": "log",
      },
    ],
    "uuid": "fakeUuid",
  },
  {
    "meta": [],
    "payloads": [
      {
        "content": {
          "content": "<code style="font-size: 0.8rem!important;" class=""><span style="font-size: 0.8rem!important;" class="bold text-yellow-600">Object</span>&nbsp;<code style="font-size: 0.8rem!important;" class="text-gray-600"><span style="font-size: 0.8rem!important;" class="bold text-orange-400">{</span><br>&nbsp;&nbsp;&nbsp;&nbsp;1<code style="font-size: 0.8rem!important;" class="bold text-green-600 p-0">"info"</code><span style="font-size: 0.8rem!important;" class="bold text-orange-400">:&nbsp;</span><span style="font-size: 0.8rem!important;" class="bold text-yellow-600">Object</span>&nbsp;<span style="font-size: 0.8rem!important;" class="bold text-orange-400">{</span><br>&nbsp;&nbsp;&nbsp;&nbsp;1&nbsp;&nbsp;&nbsp;&nbsp;1<code style="font-size: 0.8rem!important;" class="bold text-green-600 p-0">"tracking"</code><span style="font-size: 0.8rem!important;" class="bold text-orange-400">:&nbsp;</span><span style="font-size: 0.8rem!important;" class="bold text-indigo-600">true</span><span style="font-size: 0.8rem!important;" class="bold text-orange-400">,</span><br>&nbsp;&nbsp;&nbsp;&nbsp;1&nbsp;&nbsp;&nbsp;&nbsp;1<code style="font-size: 0.8rem!important;" class="bold text-green-600 p-0">"variable"</code><span style="font-size: 0.8rem!important;" class="bold text-orange-400">:&nbsp;</span><code style="font-size: 0.8rem!important;" class="bold text-green-600 p-0">"test"</code><span style="font-size: 0.8rem!important;" class="bold text-orange-400">,</span><br>&nbsp;&nbsp;&nbsp;&nbsp;1<span style="font-size: 0.8rem!important;" class="bold text-orange-400">}</span><span style="font-size: 0.8rem!important;" class="bold text-orange-400">,</span><br>&nbsp;&nbsp;&nbsp;&nbsp;1<code style="font-size: 0.8rem!important;" class="bold text-green-600 p-0">"trackingData"</code><span style="font-size: 0.8rem!important;" class="bold text-orange-400">:&nbsp;</span><span style="font-size: 0.8rem!important;" class="bold text-yellow-600">Object</span>&nbsp;<span style="font-size: 0.8rem!important;" class="bold text-orange-400">{</span><br>&nbsp;&nbsp;&nbsp;&nbsp;1&nbsp;&nbsp;&nbsp;&nbsp;1<code style="font-size: 0.8rem!important;" class="bold text-green-600 p-0">"previous"</code><span style="font-size: 0.8rem!important;" class="bold text-orange-400">:&nbsp;</span><span style="font-size: 0.8rem!important;" class="bold text-indigo-600">undefined</span><span style="font-size: 0.8rem!important;" class="bold text-orange-400">,</span><br>&nbsp;&nbsp;&nbsp;&nbsp;1&nbsp;&nbsp;&nbsp;&nbsp;1<code style="font-size: 0.8rem!important;" class="bold text-green-600 p-0">"value"</code><span style="font-size: 0.8rem!important;" class="bold text-orange-400">:&nbsp;</span><span style="font-size: 0.8rem!important;" class="bold text-indigo-600">undefined</span><span style="font-size: 0.8rem!important;" class="bold text-orange-400">,</span><br>&nbsp;&nbsp;&nbsp;&nbsp;1<span style="font-size: 0.8rem!important;" class="bold text-orange-400">}</span><span style="font-size: 0.8rem!important;" class="bold text-orange-400">,</span><br><span style="font-size: 0.8rem!important;" class="bold text-orange-400">}</span></code></code>",
          "label": "HTML",
        },
        "origin": {
          "file": "web.cjs.js",
          "function_name": "xxxx",
          "hostname": "remote",
          "line_number": 999,
        },
        "type": "custom",
      },
    ],
    "uuid": "fakeUuid",
  },
]
`;
